........................................................................ [  4%]
........................................................................ [  8%]
........................................................................ [ 13%]
........................................................................ [ 17%]
........................................................................ [ 22%]
........................................................................ [ 26%]
........................................................................ [ 30%]
........................................................................ [ 35%]
........................................................................ [ 39%]
........................................................................ [ 44%]
........................................................................ [ 48%]
........................................................................ [ 52%]
........................................................................ [ 57%]
........................................................................ [ 61%]
........................................................................ [ 66%]
........................................................................ [ 70%]
........................................................................ [ 74%]
........................................................................ [ 79%]
........................................................................ [ 83%]
........................................................................ [ 88%]
........................................................................ [ 92%]
........................................................................ [ 96%]
...................................................                      [100%]
=============================== warnings summary ===============================
tests/test_frameless_mixin.py:7
  /Users/milin/2026/AI桌面助手/tests/test_frameless_mixin.py:7: PytestCollectionWarning: cannot collect test class 'TestWidget' because it has a __init__ constructor (from: tests/test_frameless_mixin.py)
    class TestWidget(FramelessDragMixin, QWidget):

tests/test_frameless_mixin.py:13
  /Users/milin/2026/AI桌面助手/tests/test_frameless_mixin.py:13: PytestCollectionWarning: cannot collect test class 'TestDialog' because it has a __init__ constructor (from: tests/test_frameless_mixin.py)
    class TestDialog(FramelessDragMixin, QDialog):

-- Docs: https://docs.pytest.org/en/stable/how-to/capture-warnings.html
1635 passed, 2 warnings in 76.20s (0:01:16)
