........................................................................ [  4%]
........................................................................ [  8%]
........................................................................ [ 13%]
........................................................................ [ 17%]
........................................................................ [ 21%]
........................................................................ [ 26%]
........................................................................ [ 30%]
........................................................................ [ 34%]
........................................................................ [ 39%]
........................................................................ [ 43%]
........................................................................ [ 47%]
........................................................................ [ 52%]
........................................................................ [ 56%]
........................................................................ [ 60%]
........................................................................ [ 65%]
........................................................................ [ 69%]
........................................................................ [ 73%]
........................................................................ [ 78%]
........................................................................ [ 82%]
........................................................................ [ 87%]
........................................................................ [ 91%]
........................................................................ [ 95%]
.......................................................................  [100%]
=============================== warnings summary ===============================
tests/test_frameless_mixin.py:7
  /Users/milin/2026/AI桌面助手/tests/test_frameless_mixin.py:7: PytestCollectionWarning: cannot collect test class 'TestWidget' because it has a __init__ constructor (from: tests/test_frameless_mixin.py)
    class TestWidget(FramelessDragMixin, QWidget):

tests/test_frameless_mixin.py:13
  /Users/milin/2026/AI桌面助手/tests/test_frameless_mixin.py:13: PytestCollectionWarning: cannot collect test class 'TestDialog' because it has a __init__ constructor (from: tests/test_frameless_mixin.py)
    class TestDialog(FramelessDragMixin, QDialog):

-- Docs: https://docs.pytest.org/en/stable/how-to/capture-warnings.html
1655 passed, 2 warnings in 79.21s (0:01:19)
