--prepared:/Users/milin/2026/AI桌面助手/dist/AI桌面助手.app/Contents/Frameworks/thinc/backends/linalg.cpython-310-darwin.so
--validated:/Users/milin/2026/AI桌面助手/dist/AI桌面助手.app/Contents/Frameworks/thinc/backends/linalg.cpython-310-darwin.so
--prepared:/Users/milin/2026/AI桌面助手/dist/AI桌面助手.app/Contents/Frameworks/orjson/orjson.cpython-310-darwin.so
--validated:/Users/milin/2026/AI桌面助手/dist/AI桌面助手.app/Contents/Frameworks/orjson/orjson.cpython-310-darwin.so
--prepared:/Users/milin/2026/AI桌面助手/dist/AI桌面助手.app/Contents/Frameworks/aiohttp/_websocket/mask.cpython-310-darwin.so
--validated:/Users/milin/2026/AI桌面助手/dist/AI桌面助手.app/Contents/Frameworks/aiohttp/_websocket/mask.cpython-310-darwin.so
--prepared:/Users/milin/2026/AI桌面助手/dist/AI桌面助手.app/Contents/Frameworks/aiohttp/_http_writer.cpython-310-darwin.so
--prepared:/Users/milin/2026/AI桌面助手/dist/AI桌面助手.app/Contents/Frameworks/thinc/layers/sparselinear.cpython-310-darwin.so
--validated:/Users/milin/2026/AI桌面助手/dist/AI桌面助手.app/Contents/Frameworks/aiohttp/_http_writer.cpython-310-darwin.so
--validated:/Users/milin/2026/AI桌面助手/dist/AI桌面助手.app/Contents/Frameworks/thinc/layers/sparselinear.cpython-310-darwin.so
--prepared:/Users/milin/2026/AI桌面助手/dist/AI桌面助手.app/Contents/Frameworks/thinc/backends/cblas.cpython-310-darwin.so
--validated:/Users/milin/2026/AI桌面助手/dist/AI桌面助手.app/Contents/Frameworks/thinc/backends/cblas.cpython-310-darwin.so
--prepared:/Users/milin/2026/AI桌面助手/dist/AI桌面助手.app/Contents/Frameworks/aiohttp/_http_parser.cpython-310-darwin.so
--validated:/Users/milin/2026/AI桌面助手/dist/AI桌面助手.app/Contents/Frameworks/aiohttp/_http_parser.cpython-310-darwin.so
--prepared:/Users/milin/2026/AI桌面助手/dist/AI桌面助手.app/Contents/Frameworks/thinc/extra/search.cpython-310-darwin.so
--validated:/Users/milin/2026/AI桌面助手/dist/AI桌面助手.app/Contents/Frameworks/thinc/extra/search.cpython-310-darwin.so
--prepared:/Users/milin/2026/AI桌面助手/dist/AI桌面助手.app/Contents/Frameworks/thinc/layers/premap_ids.cpython-310-darwin.so
--prepared:/Users/milin/2026/AI桌面助手/dist/AI桌面助手.app/Contents/Frameworks/aiohttp/_websocket/reader_c.cpython-310-darwin.so
--validated:/Users/milin/2026/AI桌面助手/dist/AI桌面助手.app/Contents/Frameworks/thinc/layers/premap_ids.cpython-310-darwin.so
--validated:/Users/milin/2026/AI桌面助手/dist/AI桌面助手.app/Contents/Frameworks/aiohttp/_websocket/reader_c.cpython-310-darwin.so
--prepared:/Users/milin/2026/AI桌面助手/dist/AI桌面助手.app/Contents/Frameworks/markupsafe/_speedups.cpython-310-darwin.so
--validated:/Users/milin/2026/AI桌面助手/dist/AI桌面助手.app/Contents/Frameworks/markupsafe/_speedups.cpython-310-darwin.so
--prepared:/Users/milin/2026/AI桌面助手/dist/AI桌面助手.app/Contents/Frameworks/HIServices/_HIServices.cpython-310-darwin.so
--validated:/Users/milin/2026/AI桌面助手/dist/AI桌面助手.app/Contents/Frameworks/HIServices/_HIServices.cpython-310-darwin.so
--prepared:/Users/milin/2026/AI桌面助手/dist/AI桌面助手.app/Contents/Frameworks/thinc/backends/numpy_ops.cpython-310-darwin.so
--validated:/Users/milin/2026/AI桌面助手/dist/AI桌面助手.app/Contents/Frameworks/thinc/backends/numpy_ops.cpython-310-darwin.so
--prepared:/Users/milin/2026/AI桌面助手/dist/AI桌面助手.app/Contents/Frameworks/murmurhash/mrmr.cpython-310-darwin.so
--validated:/Users/milin/2026/AI桌面助手/dist/AI桌面助手.app/Contents/Frameworks/murmurhash/mrmr.cpython-310-darwin.so
--prepared:/Users/milin/2026/AI桌面助手/dist/AI桌面助手.app/Contents/Frameworks/propcache/_helpers_c.cpython-310-darwin.so
--validated:/Users/milin/2026/AI桌面助手/dist/AI桌面助手.app/Contents/Frameworks/propcache/_helpers_c.cpython-310-darwin.so
--prepared:/Users/milin/2026/AI桌面助手/dist/AI桌面助手.app/Contents/Frameworks/preshed/bloom.cpython-310-darwin.so
--validated:/Users/milin/2026/AI桌面助手/dist/AI桌面助手.app/Contents/Frameworks/preshed/bloom.cpython-310-darwin.so
--prepared:/Users/milin/2026/AI桌面助手/dist/AI桌面助手.app/Contents/Frameworks/preshed/maps.cpython-310-darwin.so
--validated:/Users/milin/2026/AI桌面助手/dist/AI桌面助手.app/Contents/Frameworks/preshed/maps.cpython-310-darwin.so
--prepared:/Users/milin/2026/AI桌面助手/dist/AI桌面助手.app/Contents/Frameworks/Security/_Security.cpython-310-darwin.so
--validated:/Users/milin/2026/AI桌面助手/dist/AI桌面助手.app/Contents/Frameworks/Security/_Security.cpython-310-darwin.so
--prepared:/Users/milin/2026/AI桌面助手/dist/AI桌面助手.app/Contents/Frameworks/cymem/cymem.cpython-310-darwin.so
--validated:/Users/milin/2026/AI桌面助手/dist/AI桌面助手.app/Contents/Frameworks/cymem/cymem.cpython-310-darwin.so
--prepared:/Users/milin/2026/AI桌面助手/dist/AI桌面助手.app/Contents/Frameworks/frozenlist/_frozenlist.cpython-310-darwin.so
--validated:/Users/milin/2026/AI桌面助手/dist/AI桌面助手.app/Contents/Frameworks/frozenlist/_frozenlist.cpython-310-darwin.so
--prepared:/Users/milin/2026/AI桌面助手/dist/AI桌面助手.app/Contents/Frameworks/_cffi_backend.cpython-310-darwin.so
--validated:/Users/milin/2026/AI桌面助手/dist/AI桌面助手.app/Contents/Frameworks/_cffi_backend.cpython-310-darwin.so
--prepared:/Users/milin/2026/AI桌面助手/dist/AI桌面助手.app/Contents/Frameworks/google/_upb/_message.abi3.so
--validated:/Users/milin/2026/AI桌面助手/dist/AI桌面助手.app/Contents/Frameworks/google/_upb/_message.abi3.so
--prepared:/Users/milin/2026/AI桌面助手/dist/AI桌面助手.app/Contents/Frameworks/rpds/rpds.cpython-310-darwin.so
--validated:/Users/milin/2026/AI桌面助手/dist/AI桌面助手.app/Contents/Frameworks/rpds/rpds.cpython-310-darwin.so
--prepared:/Users/milin/2026/AI桌面助手/dist/AI桌面助手.app/Contents/Frameworks/bcrypt/_bcrypt.abi3.so
--validated:/Users/milin/2026/AI桌面助手/dist/AI桌面助手.app/Contents/Frameworks/bcrypt/_bcrypt.abi3.so
--prepared:/Users/milin/2026/AI桌面助手/dist/AI桌面助手.app/Contents/Frameworks/libssl.3.dylib
--validated:/Users/milin/2026/AI桌面助手/dist/AI桌面助手.app/Contents/Frameworks/libssl.3.dylib
--prepared:/Users/milin/2026/AI桌面助手/dist/AI桌面助手.app/Contents/Frameworks/Foundation/_inlines.cpython-310-darwin.so
--validated:/Users/milin/2026/AI桌面助手/dist/AI桌面助手.app/Contents/Frameworks/Foundation/_inlines.cpython-310-darwin.so
--prepared:/Users/milin/2026/AI桌面助手/dist/AI桌面助手.app/Contents/Frameworks/Foundation/_Foundation.cpython-310-darwin.so
--validated:/Users/milin/2026/AI桌面助手/dist/AI桌面助手.app/Contents/Frameworks/Foundation/_Foundation.cpython-310-darwin.so
--prepared:/Users/milin/2026/AI桌面助手/dist/AI桌面助手.app/Contents/Frameworks/torch/_C.cpython-310-darwin.so
--validated:/Users/milin/2026/AI桌面助手/dist/AI桌面助手.app/Contents/Frameworks/torch/_C.cpython-310-darwin.so
--prepared:/Users/milin/2026/AI桌面助手/dist/AI桌面助手.app/Contents/Frameworks/torch/bin/torch_shm_manager
--validated:/Users/milin/2026/AI桌面助手/dist/AI桌面助手.app/Contents/Frameworks/torch/bin/torch_shm_manager
--prepared:/Users/milin/2026/AI桌面助手/dist/AI桌面助手.app/Contents/Frameworks/torch/lib/libtorch_global_deps.dylib
--validated:/Users/milin/2026/AI桌面助手/dist/AI桌面助手.app/Contents/Frameworks/torch/lib/libtorch_global_deps.dylib
--prepared:/Users/milin/2026/AI桌面助手/dist/AI桌面助手.app/Contents/Frameworks/torch/lib/libtorch.dylib
--validated:/Users/milin/2026/AI桌面助手/dist/AI桌面助手.app/Contents/Frameworks/torch/lib/libtorch.dylib
--prepared:/Users/milin/2026/AI桌面助手/dist/AI桌面助手.app/Contents/Frameworks/torch/lib/libshm.dylib
--validated:/Users/milin/2026/AI桌面助手/dist/AI桌面助手.app/Contents/Frameworks/torch/lib/libshm.dylib
--prepared:/Users/milin/2026/AI桌面助手/dist/AI桌面助手.app/Contents/Frameworks/libpython3.10.dylib
--validated:/Users/milin/2026/AI桌面助手/dist/AI桌面助手.app/Contents/Frameworks/libpython3.10.dylib
--prepared:/Users/milin/2026/AI桌面助手/dist/AI桌面助手.app/Contents/Frameworks/espeakng_loader/libespeak-ng.dylib
--validated:/Users/milin/2026/AI桌面助手/dist/AI桌面助手.app/Contents/Frameworks/espeakng_loader/libespeak-ng.dylib
--prepared:/Users/milin/2026/AI桌面助手/dist/AI桌面助手.app/Contents/Frameworks/torch/lib/libomp.dylib
--validated:/Users/milin/2026/AI桌面助手/dist/AI桌面助手.app/Contents/Frameworks/torch/lib/libomp.dylib
--prepared:/Users/milin/2026/AI桌面助手/dist/AI桌面助手.app/Contents/Frameworks/espeakng_loader/libespeak-ng.1.dylib
--validated:/Users/milin/2026/AI桌面助手/dist/AI桌面助手.app/Contents/Frameworks/espeakng_loader/libespeak-ng.1.dylib
--prepared:/Users/milin/2026/AI桌面助手/dist/AI桌面助手.app/Contents/Frameworks/espeakng_loader/libespeak-ng.1.52.0.dylib
--validated:/Users/milin/2026/AI桌面助手/dist/AI桌面助手.app/Contents/Frameworks/espeakng_loader/libespeak-ng.1.52.0.dylib
--prepared:/Users/milin/2026/AI桌面助手/dist/AI桌面助手.app/Contents/Frameworks/torch/lib/libc10.dylib
--validated:/Users/milin/2026/AI桌面助手/dist/AI桌面助手.app/Contents/Frameworks/torch/lib/libc10.dylib
--prepared:/Users/milin/2026/AI桌面助手/dist/AI桌面助手.app/Contents/Frameworks/websockets/speedups.cpython-310-darwin.so
--validated:/Users/milin/2026/AI桌面助手/dist/AI桌面助手.app/Contents/Frameworks/websockets/speedups.cpython-310-darwin.so
--prepared:/Users/milin/2026/AI桌面助手/dist/AI桌面助手.app/Contents/Frameworks/Vision/_Vision.cpython-310-darwin.so
--validated:/Users/milin/2026/AI桌面助手/dist/AI桌面助手.app/Contents/Frameworks/Vision/_Vision.cpython-310-darwin.so
--prepared:/Users/milin/2026/AI桌面助手/dist/AI桌面助手.app/Contents/Frameworks/wrapt/_wrappers.cpython-310-darwin.so
--validated:/Users/milin/2026/AI桌面助手/dist/AI桌面助手.app/Contents/Frameworks/wrapt/_wrappers.cpython-310-darwin.so
--prepared:/Users/milin/2026/AI桌面助手/dist/AI桌面助手.app/Contents/Frameworks/regex/_regex.cpython-310-darwin.so
--validated:/Users/milin/2026/AI桌面助手/dist/AI桌面助手.app/Contents/Frameworks/regex/_regex.cpython-310-darwin.so
--prepared:/Users/milin/2026/AI桌面助手/dist/AI桌面助手.app/Contents/Frameworks/torch/bin/protoc-3.21.12.0
--prepared:/Users/milin/2026/AI桌面助手/dist/AI桌面助手.app/Contents/Frameworks/torch/bin/protoc
--validated:/Users/milin/2026/AI桌面助手/dist/AI桌面助手.app/Contents/Frameworks/torch/bin/protoc-3.21.12.0
--validated:/Users/milin/2026/AI桌面助手/dist/AI桌面助手.app/Contents/Frameworks/torch/bin/protoc
--prepared:/Users/milin/2026/AI桌面助手/dist/AI桌面助手.app/Contents/Frameworks/_soundfile_data/libsndfile_arm64.dylib
--validated:/Users/milin/2026/AI桌面助手/dist/AI桌面助手.app/Contents/Frameworks/_soundfile_data/libsndfile_arm64.dylib
--prepared:/Users/milin/2026/AI桌面助手/dist/AI桌面助手.app/Contents/Frameworks/numpy/core/_multiarray_umath.cpython-310-darwin.so
--validated:/Users/milin/2026/AI桌面助手/dist/AI桌面助手.app/Contents/Frameworks/numpy/core/_multiarray_umath.cpython-310-darwin.so
--prepared:/Users/milin/2026/AI桌面助手/dist/AI桌面助手.app/Contents/Frameworks/hf_xet/hf_xet.abi3.so
--validated:/Users/milin/2026/AI桌面助手/dist/AI桌面助手.app/Contents/Frameworks/hf_xet/hf_xet.abi3.so
--prepared:/Users/milin/2026/AI桌面助手/dist/AI桌面助手.app/Contents/Frameworks/numpy/core/_multiarray_tests.cpython-310-darwin.so
--validated:/Users/milin/2026/AI桌面助手/dist/AI桌面助手.app/Contents/Frameworks/numpy/core/_multiarray_tests.cpython-310-darwin.so
--prepared:/Users/milin/2026/AI桌面助手/dist/AI桌面助手.app/Contents/Frameworks/numpy/linalg/_umath_linalg.cpython-310-darwin.so
--validated:/Users/milin/2026/AI桌面助手/dist/AI桌面助手.app/Contents/Frameworks/numpy/linalg/_umath_linalg.cpython-310-darwin.so
--prepared:/Users/milin/2026/AI桌面助手/dist/AI桌面助手.app/Contents/Frameworks/numpy/__dot__dylibs/libgcc_s.1.1.dylib
--validated:/Users/milin/2026/AI桌面助手/dist/AI桌面助手.app/Contents/Frameworks/numpy/__dot__dylibs/libgcc_s.1.1.dylib
--prepared:/Users/milin/2026/AI桌面助手/dist/AI桌面助手.app/Contents/Frameworks/numpy/__dot__dylibs/libquadmath.0.dylib
--validated:/Users/milin/2026/AI桌面助手/dist/AI桌面助手.app/Contents/Frameworks/numpy/__dot__dylibs/libquadmath.0.dylib
--prepared:/Users/milin/2026/AI桌面助手/dist/AI桌面助手.app/Contents/Frameworks/libcrypto.3.dylib
--validated:/Users/milin/2026/AI桌面助手/dist/AI桌面助手.app/Contents/Frameworks/libcrypto.3.dylib
--prepared:/Users/milin/2026/AI桌面助手/dist/AI桌面助手.app/Contents/Frameworks/tokenizers/tokenizers.abi3.so
--validated:/Users/milin/2026/AI桌面助手/dist/AI桌面助手.app/Contents/Frameworks/tokenizers/tokenizers.abi3.so
--prepared:/Users/milin/2026/AI桌面助手/dist/AI桌面助手.app/Contents/Frameworks/cryptography/hazmat/bindings/_rust.abi3.so
--validated:/Users/milin/2026/AI桌面助手/dist/AI桌面助手.app/Contents/Frameworks/cryptography/hazmat/bindings/_rust.abi3.so
--prepared:/Users/milin/2026/AI桌面助手/dist/AI桌面助手.app/Contents/Frameworks/numpy/__dot__dylibs/libgfortran.5.dylib
--validated:/Users/milin/2026/AI桌面助手/dist/AI桌面助手.app/Contents/Frameworks/numpy/__dot__dylibs/libgfortran.5.dylib
--prepared:/Users/milin/2026/AI桌面助手/dist/AI桌面助手.app/Contents/Frameworks/numpy/__dot__dylibs/libopenblas64_.0.dylib
--validated:/Users/milin/2026/AI桌面助手/dist/AI桌面助手.app/Contents/Frameworks/numpy/__dot__dylibs/libopenblas64_.0.dylib
--prepared:/Users/milin/2026/AI桌面助手/dist/AI桌面助手.app/Contents/Frameworks/numpy/fft/_pocketfft_internal.cpython-310-darwin.so
--validated:/Users/milin/2026/AI桌面助手/dist/AI桌面助手.app/Contents/Frameworks/numpy/fft/_pocketfft_internal.cpython-310-darwin.so
--prepared:/Users/milin/2026/AI桌面助手/dist/AI桌面助手.app/Contents/Frameworks/numpy/random/_pcg64.cpython-310-darwin.so
--validated:/Users/milin/2026/AI桌面助手/dist/AI桌面助手.app/Contents/Frameworks/numpy/random/_pcg64.cpython-310-darwin.so
--prepared:/Users/milin/2026/AI桌面助手/dist/AI桌面助手.app/Contents/Frameworks/numpy/random/_sfc64.cpython-310-darwin.so
--validated:/Users/milin/2026/AI桌面助手/dist/AI桌面助手.app/Contents/Frameworks/numpy/random/_sfc64.cpython-310-darwin.so
--prepared:/Users/milin/2026/AI桌面助手/dist/AI桌面助手.app/Contents/Frameworks/numpy/random/_mt19937.cpython-310-darwin.so
--validated:/Users/milin/2026/AI桌面助手/dist/AI桌面助手.app/Contents/Frameworks/numpy/random/_mt19937.cpython-310-darwin.so
--prepared:/Users/milin/2026/AI桌面助手/dist/AI桌面助手.app/Contents/Frameworks/numpy/random/_philox.cpython-310-darwin.so
--validated:/Users/milin/2026/AI桌面助手/dist/AI桌面助手.app/Contents/Frameworks/numpy/random/_philox.cpython-310-darwin.so
--prepared:/Users/milin/2026/AI桌面助手/dist/AI桌面助手.app/Contents/Frameworks/numpy/random/_common.cpython-310-darwin.so
--validated:/Users/milin/2026/AI桌面助手/dist/AI桌面助手.app/Contents/Frameworks/numpy/random/_common.cpython-310-darwin.so
--prepared:/Users/milin/2026/AI桌面助手/dist/AI桌面助手.app/Contents/Frameworks/numpy/random/bit_generator.cpython-310-darwin.so
--validated:/Users/milin/2026/AI桌面助手/dist/AI桌面助手.app/Contents/Frameworks/numpy/random/bit_generator.cpython-310-darwin.so
--prepared:/Users/milin/2026/AI桌面助手/dist/AI桌面助手.app/Contents/Frameworks/numpy/random/_bounded_integers.cpython-310-darwin.so
--validated:/Users/milin/2026/AI桌面助手/dist/AI桌面助手.app/Contents/Frameworks/numpy/random/_bounded_integers.cpython-310-darwin.so
--prepared:/Users/milin/2026/AI桌面助手/dist/AI桌面助手.app/Contents/Frameworks/numpy/random/mtrand.cpython-310-darwin.so
--validated:/Users/milin/2026/AI桌面助手/dist/AI桌面助手.app/Contents/Frameworks/numpy/random/mtrand.cpython-310-darwin.so
--prepared:/Users/milin/2026/AI桌面助手/dist/AI桌面助手.app/Contents/Frameworks/PyQt5/QtSvg.abi3.so
--validated:/Users/milin/2026/AI桌面助手/dist/AI桌面助手.app/Contents/Frameworks/PyQt5/QtSvg.abi3.so
--prepared:/Users/milin/2026/AI桌面助手/dist/AI桌面助手.app/Contents/Frameworks/PyQt5/sip.cpython-310-darwin.so
--validated:/Users/milin/2026/AI桌面助手/dist/AI桌面助手.app/Contents/Frameworks/PyQt5/sip.cpython-310-darwin.so
--prepared:/Users/milin/2026/AI桌面助手/dist/AI桌面助手.app/Contents/Frameworks/numpy/random/_generator.cpython-310-darwin.so
--validated:/Users/milin/2026/AI桌面助手/dist/AI桌面助手.app/Contents/Frameworks/numpy/random/_generator.cpython-310-darwin.so
--prepared:/Users/milin/2026/AI桌面助手/dist/AI桌面助手.app/Contents/Frameworks/PyQt5/QtXml.abi3.so
--validated:/Users/milin/2026/AI桌面助手/dist/AI桌面助手.app/Contents/Frameworks/PyQt5/QtXml.abi3.so
--prepared:/Users/milin/2026/AI桌面助手/dist/AI桌面助手.app/Contents/Frameworks/PyQt5/QtNetwork.abi3.so
--validated:/Users/milin/2026/AI桌面助手/dist/AI桌面助手.app/Contents/Frameworks/PyQt5/QtNetwork.abi3.so
--prepared:/Users/milin/2026/AI桌面助手/dist/AI桌面助手.app/Contents/Frameworks/PyQt5/Qt5/plugins/platforms/libqwebgl.dylib
--validated:/Users/milin/2026/AI桌面助手/dist/AI桌面助手.app/Contents/Frameworks/PyQt5/Qt5/plugins/platforms/libqwebgl.dylib
--prepared:/Users/milin/2026/AI桌面助手/dist/AI桌面助手.app/Contents/Frameworks/torch/lib/libtorch_python.dylib
--validated:/Users/milin/2026/AI桌面助手/dist/AI桌面助手.app/Contents/Frameworks/torch/lib/libtorch_python.dylib
--prepared:/Users/milin/2026/AI桌面助手/dist/AI桌面助手.app/Contents/Frameworks/PyQt5/Qt5/plugins/bearer/libqgenericbearer.dylib
--prepared:/Users/milin/2026/AI桌面助手/dist/AI桌面助手.app/Contents/Frameworks/PyQt5/Qt5/plugins/platformthemes/libqxdgdesktopportal.dylib
--validated:/Users/milin/2026/AI桌面助手/dist/AI桌面助手.app/Contents/Frameworks/PyQt5/Qt5/plugins/bearer/libqgenericbearer.dylib
--validated:/Users/milin/2026/AI桌面助手/dist/AI桌面助手.app/Contents/Frameworks/PyQt5/Qt5/plugins/platformthemes/libqxdgdesktopportal.dylib
--prepared:/Users/milin/2026/AI桌面助手/dist/AI桌面助手.app/Contents/Frameworks/PyQt5/Qt5/plugins/iconengines/libqsvgicon.dylib
--validated:/Users/milin/2026/AI桌面助手/dist/AI桌面助手.app/Contents/Frameworks/PyQt5/Qt5/plugins/iconengines/libqsvgicon.dylib
--prepared:/Users/milin/2026/AI桌面助手/dist/AI桌面助手.app/Contents/Frameworks/PyQt5/Qt5/plugins/styles/libqmacstyle.dylib
--validated:/Users/milin/2026/AI桌面助手/dist/AI桌面助手.app/Contents/Frameworks/PyQt5/Qt5/plugins/styles/libqmacstyle.dylib
--prepared:/Users/milin/2026/AI桌面助手/dist/AI桌面助手.app/Contents/Frameworks/PyQt5/Qt5/plugins/imageformats/libqgif.dylib
--validated:/Users/milin/2026/AI桌面助手/dist/AI桌面助手.app/Contents/Frameworks/PyQt5/Qt5/plugins/imageformats/libqgif.dylib
--prepared:/Users/milin/2026/AI桌面助手/dist/AI桌面助手.app/Contents/Frameworks/PyQt5/Qt5/plugins/imageformats/libqwbmp.dylib
--prepared:/Users/milin/2026/AI桌面助手/dist/AI桌面助手.app/Contents/Frameworks/PyQt5/Qt5/plugins/imageformats/libqico.dylib
--validated:/Users/milin/2026/AI桌面助手/dist/AI桌面助手.app/Contents/Frameworks/PyQt5/Qt5/plugins/imageformats/libqwbmp.dylib
--validated:/Users/milin/2026/AI桌面助手/dist/AI桌面助手.app/Contents/Frameworks/PyQt5/Qt5/plugins/imageformats/libqico.dylib
--prepared:/Users/milin/2026/AI桌面助手/dist/AI桌面助手.app/Contents/Frameworks/PyQt5/Qt5/plugins/imageformats/libqsvg.dylib
--validated:/Users/milin/2026/AI桌面助手/dist/AI桌面助手.app/Contents/Frameworks/PyQt5/Qt5/plugins/imageformats/libqsvg.dylib
--prepared:/Users/milin/2026/AI桌面助手/dist/AI桌面助手.app/Contents/Frameworks/PyQt5/Qt5/plugins/imageformats/libqmacheif.dylib
--validated:/Users/milin/2026/AI桌面助手/dist/AI桌面助手.app/Contents/Frameworks/PyQt5/Qt5/plugins/imageformats/libqmacheif.dylib
--prepared:/Users/milin/2026/AI桌面助手/dist/AI桌面助手.app/Contents/Frameworks/PyQt5/Qt5/plugins/imageformats/libqicns.dylib
--validated:/Users/milin/2026/AI桌面助手/dist/AI桌面助手.app/Contents/Frameworks/PyQt5/Qt5/plugins/imageformats/libqicns.dylib
--prepared:/Users/milin/2026/AI桌面助手/dist/AI桌面助手.app/Contents/Frameworks/PyQt5/Qt5/plugins/imageformats/libqwebp.dylib
--validated:/Users/milin/2026/AI桌面助手/dist/AI桌面助手.app/Contents/Frameworks/PyQt5/Qt5/plugins/imageformats/libqwebp.dylib
--prepared:/Users/milin/2026/AI桌面助手/dist/AI桌面助手.app/Contents/Frameworks/PyQt5/Qt5/plugins/platforms/libqminimal.dylib
--validated:/Users/milin/2026/AI桌面助手/dist/AI桌面助手.app/Contents/Frameworks/PyQt5/Qt5/plugins/platforms/libqminimal.dylib
--prepared:/Users/milin/2026/AI桌面助手/dist/AI桌面助手.app/Contents/Frameworks/PyQt5/Qt5/plugins/imageformats/libqmacjp2.dylib
--validated:/Users/milin/2026/AI桌面助手/dist/AI桌面助手.app/Contents/Frameworks/PyQt5/Qt5/plugins/imageformats/libqmacjp2.dylib
--prepared:/Users/milin/2026/AI桌面助手/dist/AI桌面助手.app/Contents/Frameworks/PyQt5/Qt5/plugins/imageformats/libqtga.dylib
--validated:/Users/milin/2026/AI桌面助手/dist/AI桌面助手.app/Contents/Frameworks/PyQt5/Qt5/plugins/imageformats/libqtga.dylib
--prepared:/Users/milin/2026/AI桌面助手/dist/AI桌面助手.app/Contents/Frameworks/PyQt5/Qt5/plugins/imageformats/libqtiff.dylib
--validated:/Users/milin/2026/AI桌面助手/dist/AI桌面助手.app/Contents/Frameworks/PyQt5/Qt5/plugins/imageformats/libqtiff.dylib
--prepared:/Users/milin/2026/AI桌面助手/dist/AI桌面助手.app/Contents/Frameworks/PyQt5/Qt5/plugins/imageformats/libqjpeg.dylib
--validated:/Users/milin/2026/AI桌面助手/dist/AI桌面助手.app/Contents/Frameworks/PyQt5/Qt5/plugins/imageformats/libqjpeg.dylib
--prepared:/Users/milin/2026/AI桌面助手/dist/AI桌面助手.app/Contents/Frameworks/PyQt5/Qt5/plugins/platforms/libqoffscreen.dylib
--validated:/Users/milin/2026/AI桌面助手/dist/AI桌面助手.app/Contents/Frameworks/PyQt5/Qt5/plugins/platforms/libqoffscreen.dylib
--prepared:/Users/milin/2026/AI桌面助手/dist/AI桌面助手.app/Contents/Frameworks/PyQt5/QtCore.abi3.so
--validated:/Users/milin/2026/AI桌面助手/dist/AI桌面助手.app/Contents/Frameworks/PyQt5/QtCore.abi3.so
--prepared:/Users/milin/2026/AI桌面助手/dist/AI桌面助手.app/Contents/Frameworks/PyQt5/Qt5/plugins/generic/libqtuiotouchplugin.dylib
--validated:/Users/milin/2026/AI桌面助手/dist/AI桌面助手.app/Contents/Frameworks/PyQt5/Qt5/plugins/generic/libqtuiotouchplugin.dylib
--prepared:/Users/milin/2026/AI桌面助手/dist/AI桌面助手.app/Contents/Frameworks/PyQt5/Qt5/lib/QtPrintSupport.framework/Versions/Current/.
--validated:/Users/milin/2026/AI桌面助手/dist/AI桌面助手.app/Contents/Frameworks/PyQt5/Qt5/lib/QtPrintSupport.framework/Versions/Current/.
--prepared:/Users/milin/2026/AI桌面助手/dist/AI桌面助手.app/Contents/Frameworks/PyQt5/Qt5/plugins/platforms/libqcocoa.dylib
--validated:/Users/milin/2026/AI桌面助手/dist/AI桌面助手.app/Contents/Frameworks/PyQt5/Qt5/plugins/platforms/libqcocoa.dylib
--prepared:/Users/milin/2026/AI桌面助手/dist/AI桌面助手.app/Contents/Frameworks/PyQt5/QtGui.abi3.so
--validated:/Users/milin/2026/AI桌面助手/dist/AI桌面助手.app/Contents/Frameworks/PyQt5/QtGui.abi3.so
--prepared:/Users/milin/2026/AI桌面助手/dist/AI桌面助手.app/Contents/Frameworks/PyQt5/QtWidgets.abi3.so
--validated:/Users/milin/2026/AI桌面助手/dist/AI桌面助手.app/Contents/Frameworks/PyQt5/QtWidgets.abi3.so
--prepared:/Users/milin/2026/AI桌面助手/dist/AI桌面助手.app/Contents/Frameworks/PyQt5/Qt5/lib/QtGui.framework/Versions/Current/.
--validated:/Users/milin/2026/AI桌面助手/dist/AI桌面助手.app/Contents/Frameworks/PyQt5/Qt5/lib/QtGui.framework/Versions/Current/.
--prepared:/Users/milin/2026/AI桌面助手/dist/AI桌面助手.app/Contents/Frameworks/charset_normalizer/md.cpython-310-darwin.so
--validated:/Users/milin/2026/AI桌面助手/dist/AI桌面助手.app/Contents/Frameworks/charset_normalizer/md.cpython-310-darwin.so
--prepared:/Users/milin/2026/AI桌面助手/dist/AI桌面助手.app/Contents/Frameworks/PyQt5/Qt5/lib/QtWebSockets.framework/Versions/Current/.
--prepared:/Users/milin/2026/AI桌面助手/dist/AI桌面助手.app/Contents/Frameworks/PyQt5/Qt5/lib/QtXml.framework/Versions/Current/.
--prepared:/Users/milin/2026/AI桌面助手/dist/AI桌面助手.app/Contents/Frameworks/charset_normalizer/md__mypyc.cpython-310-darwin.so
--validated:/Users/milin/2026/AI桌面助手/dist/AI桌面助手.app/Contents/Frameworks/PyQt5/Qt5/lib/QtWebSockets.framework/Versions/Current/.
--validated:/Users/milin/2026/AI桌面助手/dist/AI桌面助手.app/Contents/Frameworks/charset_normalizer/md__mypyc.cpython-310-darwin.so
--validated:/Users/milin/2026/AI桌面助手/dist/AI桌面助手.app/Contents/Frameworks/PyQt5/Qt5/lib/QtXml.framework/Versions/Current/.
--prepared:/Users/milin/2026/AI桌面助手/dist/AI桌面助手.app/Contents/Frameworks/PyQt5/Qt5/lib/QtSvg.framework/Versions/Current/.
--prepared:/Users/milin/2026/AI桌面助手/dist/AI桌面助手.app/Contents/Frameworks/PyQt5/Qt5/lib/QtQmlModels.framework/Versions/Current/.
--prepared:/Users/milin/2026/AI桌面助手/dist/AI桌面助手.app/Contents/Frameworks/httptools/parser/url_parser.cpython-310-darwin.so
--prepared:/Users/milin/2026/AI桌面助手/dist/AI桌面助手.app/Contents/Frameworks/PyQt5/Qt5/lib/QtDBus.framework/Versions/Current/.
--validated:/Users/milin/2026/AI桌面助手/dist/AI桌面助手.app/Contents/Frameworks/PyQt5/Qt5/lib/QtSvg.framework/Versions/Current/.
--validated:/Users/milin/2026/AI桌面助手/dist/AI桌面助手.app/Contents/Frameworks/httptools/parser/url_parser.cpython-310-darwin.so
--validated:/Users/milin/2026/AI桌面助手/dist/AI桌面助手.app/Contents/Frameworks/PyQt5/Qt5/lib/QtQmlModels.framework/Versions/Current/.
--prepared:/Users/milin/2026/AI桌面助手/dist/AI桌面助手.app/Contents/Frameworks/httptools/parser/parser.cpython-310-darwin.so
--validated:/Users/milin/2026/AI桌面助手/dist/AI桌面助手.app/Contents/Frameworks/httptools/parser/parser.cpython-310-darwin.so
--validated:/Users/milin/2026/AI桌面助手/dist/AI桌面助手.app/Contents/Frameworks/PyQt5/Qt5/lib/QtDBus.framework/Versions/Current/.
--prepared:/Users/milin/2026/AI桌面助手/dist/AI桌面助手.app/Contents/Frameworks/CoreML/_CoreML.cpython-310-darwin.so
--validated:/Users/milin/2026/AI桌面助手/dist/AI桌面助手.app/Contents/Frameworks/CoreML/_CoreML.cpython-310-darwin.so
--prepared:/Users/milin/2026/AI桌面助手/dist/AI桌面助手.app/Contents/Frameworks/multidict/_multidict.cpython-310-darwin.so
--validated:/Users/milin/2026/AI桌面助手/dist/AI桌面助手.app/Contents/Frameworks/multidict/_multidict.cpython-310-darwin.so
--prepared:/Users/milin/2026/AI桌面助手/dist/AI桌面助手.app/Contents/Frameworks/python3__dot__10/lib-dynload/mmap.cpython-310-darwin.so
--validated:/Users/milin/2026/AI桌面助手/dist/AI桌面助手.app/Contents/Frameworks/python3__dot__10/lib-dynload/mmap.cpython-310-darwin.so
--prepared:/Users/milin/2026/AI桌面助手/dist/AI桌面助手.app/Contents/Frameworks/python3__dot__10/lib-dynload/_bz2.cpython-310-darwin.so
--validated:/Users/milin/2026/AI桌面助手/dist/AI桌面助手.app/Contents/Frameworks/python3__dot__10/lib-dynload/_bz2.cpython-310-darwin.so
--prepared:/Users/milin/2026/AI桌面助手/dist/AI桌面助手.app/Contents/Frameworks/python3__dot__10/lib-dynload/_datetime.cpython-310-darwin.so
--validated:/Users/milin/2026/AI桌面助手/dist/AI桌面助手.app/Contents/Frameworks/python3__dot__10/lib-dynload/_datetime.cpython-310-darwin.so
--prepared:/Users/milin/2026/AI桌面助手/dist/AI桌面助手.app/Contents/Frameworks/python3__dot__10/lib-dynload/_codecs_jp.cpython-310-darwin.so
--validated:/Users/milin/2026/AI桌面助手/dist/AI桌面助手.app/Contents/Frameworks/python3__dot__10/lib-dynload/_codecs_jp.cpython-310-darwin.so
--prepared:/Users/milin/2026/AI桌面助手/dist/AI桌面助手.app/Contents/Frameworks/PyQt5/Qt5/lib/QtNetwork.framework/Versions/Current/.
--prepared:/Users/milin/2026/AI桌面助手/dist/AI桌面助手.app/Contents/Frameworks/python3__dot__10/lib-dynload/_ctypes.cpython-310-darwin.so
--validated:/Users/milin/2026/AI桌面助手/dist/AI桌面助手.app/Contents/Frameworks/python3__dot__10/lib-dynload/_ctypes.cpython-310-darwin.so
--prepared:/Users/milin/2026/AI桌面助手/dist/AI桌面助手.app/Contents/Frameworks/python3__dot__10/lib-dynload/math.cpython-310-darwin.so
--prepared:/Users/milin/2026/AI桌面助手/dist/AI桌面助手.app/Contents/Frameworks/python3__dot__10/lib-dynload/_dbm.cpython-310-darwin.so
--validated:/Users/milin/2026/AI桌面助手/dist/AI桌面助手.app/Contents/Frameworks/python3__dot__10/lib-dynload/math.cpython-310-darwin.so
--validated:/Users/milin/2026/AI桌面助手/dist/AI桌面助手.app/Contents/Frameworks/python3__dot__10/lib-dynload/_dbm.cpython-310-darwin.so
--validated:/Users/milin/2026/AI桌面助手/dist/AI桌面助手.app/Contents/Frameworks/PyQt5/Qt5/lib/QtNetwork.framework/Versions/Current/.
--prepared:/Users/milin/2026/AI桌面助手/dist/AI桌面助手.app/Contents/Frameworks/python3__dot__10/lib-dynload/_codecs_iso2022.cpython-310-darwin.so
--validated:/Users/milin/2026/AI桌面助手/dist/AI桌面助手.app/Contents/Frameworks/python3__dot__10/lib-dynload/_codecs_iso2022.cpython-310-darwin.so
--prepared:/Users/milin/2026/AI桌面助手/dist/AI桌面助手.app/Contents/Frameworks/python3__dot__10/lib-dynload/_md5.cpython-310-darwin.so
--validated:/Users/milin/2026/AI桌面助手/dist/AI桌面助手.app/Contents/Frameworks/python3__dot__10/lib-dynload/_md5.cpython-310-darwin.so
--prepared:/Users/milin/2026/AI桌面助手/dist/AI桌面助手.app/Contents/Frameworks/python3__dot__10/lib-dynload/_scproxy.cpython-310-darwin.so
--validated:/Users/milin/2026/AI桌面助手/dist/AI桌面助手.app/Contents/Frameworks/python3__dot__10/lib-dynload/_scproxy.cpython-310-darwin.so
--prepared:/Users/milin/2026/AI桌面助手/dist/AI桌面助手.app/Contents/Frameworks/python3__dot__10/lib-dynload/_multiprocessing.cpython-310-darwin.so
--validated:/Users/milin/2026/AI桌面助手/dist/AI桌面助手.app/Contents/Frameworks/python3__dot__10/lib-dynload/_multiprocessing.cpython-310-darwin.so
--prepared:/Users/milin/2026/AI桌面助手/dist/AI桌面助手.app/Contents/Frameworks/python3__dot__10/lib-dynload/_sqlite3.cpython-310-darwin.so
--validated:/Users/milin/2026/AI桌面助手/dist/AI桌面助手.app/Contents/Frameworks/python3__dot__10/lib-dynload/_sqlite3.cpython-310-darwin.so
--prepared:/Users/milin/2026/AI桌面助手/dist/AI桌面助手.app/Contents/Frameworks/python3__dot__10/lib-dynload/_codecs_tw.cpython-310-darwin.so
--validated:/Users/milin/2026/AI桌面助手/dist/AI桌面助手.app/Contents/Frameworks/python3__dot__10/lib-dynload/_codecs_tw.cpython-310-darwin.so
--prepared:/Users/milin/2026/AI桌面助手/dist/AI桌面助手.app/Contents/Frameworks/python3__dot__10/lib-dynload/_codecs_kr.cpython-310-darwin.so
--prepared:/Users/milin/2026/AI桌面助手/dist/AI桌面助手.app/Contents/Frameworks/python3__dot__10/lib-dynload/_heapq.cpython-310-darwin.so
--validated:/Users/milin/2026/AI桌面助手/dist/AI桌面助手.app/Contents/Frameworks/python3__dot__10/lib-dynload/_codecs_kr.cpython-310-darwin.so
--prepared:/Users/milin/2026/AI桌面助手/dist/AI桌面助手.app/Contents/Frameworks/python3__dot__10/lib-dynload/_opcode.cpython-310-darwin.so
--validated:/Users/milin/2026/AI桌面助手/dist/AI桌面助手.app/Contents/Frameworks/python3__dot__10/lib-dynload/_heapq.cpython-310-darwin.so
--validated:/Users/milin/2026/AI桌面助手/dist/AI桌面助手.app/Contents/Frameworks/python3__dot__10/lib-dynload/_opcode.cpython-310-darwin.so
--prepared:/Users/milin/2026/AI桌面助手/dist/AI桌面助手.app/Contents/Frameworks/python3__dot__10/lib-dynload/_uuid.cpython-310-darwin.so
--validated:/Users/milin/2026/AI桌面助手/dist/AI桌面助手.app/Contents/Frameworks/python3__dot__10/lib-dynload/_uuid.cpython-310-darwin.so
--prepared:/Users/milin/2026/AI桌面助手/dist/AI桌面助手.app/Contents/Frameworks/python3__dot__10/lib-dynload/_elementtree.cpython-310-darwin.so
--validated:/Users/milin/2026/AI桌面助手/dist/AI桌面助手.app/Contents/Frameworks/python3__dot__10/lib-dynload/_elementtree.cpython-310-darwin.so
--prepared:/Users/milin/2026/AI桌面助手/dist/AI桌面助手.app/Contents/Frameworks/python3__dot__10/lib-dynload/audioop.cpython-310-darwin.so
--prepared:/Users/milin/2026/AI桌面助手/dist/AI桌面助手.app/Contents/Frameworks/python3__dot__10/lib-dynload/_contextvars.cpython-310-darwin.so
--validated:/Users/milin/2026/AI桌面助手/dist/AI桌面助手.app/Contents/Frameworks/python3__dot__10/lib-dynload/audioop.cpython-310-darwin.so
--validated:/Users/milin/2026/AI桌面助手/dist/AI桌面助手.app/Contents/Frameworks/python3__dot__10/lib-dynload/_contextvars.cpython-310-darwin.so
--prepared:/Users/milin/2026/AI桌面助手/dist/AI桌面助手.app/Contents/Frameworks/python3__dot__10/lib-dynload/_lsprof.cpython-310-darwin.so
--validated:/Users/milin/2026/AI桌面助手/dist/AI桌面助手.app/Contents/Frameworks/python3__dot__10/lib-dynload/_lsprof.cpython-310-darwin.so
--prepared:/Users/milin/2026/AI桌面助手/dist/AI桌面助手.app/Contents/Frameworks/python3__dot__10/lib-dynload/resource.cpython-310-darwin.so
--validated:/Users/milin/2026/AI桌面助手/dist/AI桌面助手.app/Contents/Frameworks/python3__dot__10/lib-dynload/resource.cpython-310-darwin.so
--prepared:/Users/milin/2026/AI桌面助手/dist/AI桌面助手.app/Contents/Frameworks/python3__dot__10/lib-dynload/cmath.cpython-310-darwin.so
--validated:/Users/milin/2026/AI桌面助手/dist/AI桌面助手.app/Contents/Frameworks/python3__dot__10/lib-dynload/cmath.cpython-310-darwin.so
--prepared:/Users/milin/2026/AI桌面助手/dist/AI桌面助手.app/Contents/Frameworks/python3__dot__10/lib-dynload/_codecs_hk.cpython-310-darwin.so
--validated:/Users/milin/2026/AI桌面助手/dist/AI桌面助手.app/Contents/Frameworks/python3__dot__10/lib-dynload/_codecs_hk.cpython-310-darwin.so
--prepared:/Users/milin/2026/AI桌面助手/dist/AI桌面助手.app/Contents/Frameworks/python3__dot__10/lib-dynload/_random.cpython-310-darwin.so
--validated:/Users/milin/2026/AI桌面助手/dist/AI桌面助手.app/Contents/Frameworks/python3__dot__10/lib-dynload/_random.cpython-310-darwin.so
--prepared:/Users/milin/2026/AI桌面助手/dist/AI桌面助手.app/Contents/Frameworks/python3__dot__10/lib-dynload/_json.cpython-310-darwin.so
--validated:/Users/milin/2026/AI桌面助手/dist/AI桌面助手.app/Contents/Frameworks/python3__dot__10/lib-dynload/_json.cpython-310-darwin.so
--prepared:/Users/milin/2026/AI桌面助手/dist/AI桌面助手.app/Contents/Frameworks/python3__dot__10/lib-dynload/binascii.cpython-310-darwin.so
--validated:/Users/milin/2026/AI桌面助手/dist/AI桌面助手.app/Contents/Frameworks/python3__dot__10/lib-dynload/binascii.cpython-310-darwin.so
--prepared:/Users/milin/2026/AI桌面助手/dist/AI桌面助手.app/Contents/Frameworks/python3__dot__10/lib-dynload/_blake2.cpython-310-darwin.so
--prepared:/Users/milin/2026/AI桌面助手/dist/AI桌面助手.app/Contents/Frameworks/python3__dot__10/lib-dynload/_queue.cpython-310-darwin.so
--validated:/Users/milin/2026/AI桌面助手/dist/AI桌面助手.app/Contents/Frameworks/python3__dot__10/lib-dynload/_blake2.cpython-310-darwin.so
--validated:/Users/milin/2026/AI桌面助手/dist/AI桌面助手.app/Contents/Frameworks/python3__dot__10/lib-dynload/_queue.cpython-310-darwin.so
--prepared:/Users/milin/2026/AI桌面助手/dist/AI桌面助手.app/Contents/Frameworks/python3__dot__10/lib-dynload/_struct.cpython-310-darwin.so
--validated:/Users/milin/2026/AI桌面助手/dist/AI桌面助手.app/Contents/Frameworks/python3__dot__10/lib-dynload/_struct.cpython-310-darwin.so
--prepared:/Users/milin/2026/AI桌面助手/dist/AI桌面助手.app/Contents/Frameworks/python3__dot__10/lib-dynload/_zoneinfo.cpython-310-darwin.so
--validated:/Users/milin/2026/AI桌面助手/dist/AI桌面助手.app/Contents/Frameworks/python3__dot__10/lib-dynload/_zoneinfo.cpython-310-darwin.so
--prepared:/Users/milin/2026/AI桌面助手/dist/AI桌面助手.app/Contents/Frameworks/python3__dot__10/lib-dynload/_posixshmem.cpython-310-darwin.so
--prepared:/Users/milin/2026/AI桌面助手/dist/AI桌面助手.app/Contents/Frameworks/python3__dot__10/lib-dynload/array.cpython-310-darwin.so
--validated:/Users/milin/2026/AI桌面助手/dist/AI桌面助手.app/Contents/Frameworks/python3__dot__10/lib-dynload/_posixshmem.cpython-310-darwin.so
--validated:/Users/milin/2026/AI桌面助手/dist/AI桌面助手.app/Contents/Frameworks/python3__dot__10/lib-dynload/array.cpython-310-darwin.so
--prepared:/Users/milin/2026/AI桌面助手/dist/AI桌面助手.app/Contents/Frameworks/python3__dot__10/lib-dynload/_sha1.cpython-310-darwin.so
--validated:/Users/milin/2026/AI桌面助手/dist/AI桌面助手.app/Contents/Frameworks/python3__dot__10/lib-dynload/_sha1.cpython-310-darwin.so
--prepared:/Users/milin/2026/AI桌面助手/dist/AI桌面助手.app/Contents/Frameworks/python3__dot__10/lib-dynload/_socket.cpython-310-darwin.so
--validated:/Users/milin/2026/AI桌面助手/dist/AI桌面助手.app/Contents/Frameworks/python3__dot__10/lib-dynload/_socket.cpython-310-darwin.so
--prepared:/Users/milin/2026/AI桌面助手/dist/AI桌面助手.app/Contents/Frameworks/python3__dot__10/lib-dynload/fcntl.cpython-310-darwin.so
--validated:/Users/milin/2026/AI桌面助手/dist/AI桌面助手.app/Contents/Frameworks/python3__dot__10/lib-dynload/fcntl.cpython-310-darwin.so
--prepared:/Users/milin/2026/AI桌面助手/dist/AI桌面助手.app/Contents/Frameworks/python3__dot__10/lib-dynload/grp.cpython-310-darwin.so
--validated:/Users/milin/2026/AI桌面助手/dist/AI桌面助手.app/Contents/Frameworks/python3__dot__10/lib-dynload/grp.cpython-310-darwin.so
--prepared:/Users/milin/2026/AI桌面助手/dist/AI桌面助手.app/Contents/Frameworks/python3__dot__10/lib-dynload/_hashlib.cpython-310-darwin.so
--prepared:/Users/milin/2026/AI桌面助手/dist/AI桌面助手.app/Contents/Frameworks/python3__dot__10/lib-dynload/_sha3.cpython-310-darwin.so
--validated:/Users/milin/2026/AI桌面助手/dist/AI桌面助手.app/Contents/Frameworks/python3__dot__10/lib-dynload/_hashlib.cpython-310-darwin.so
--validated:/Users/milin/2026/AI桌面助手/dist/AI桌面助手.app/Contents/Frameworks/python3__dot__10/lib-dynload/_sha3.cpython-310-darwin.so
--prepared:/Users/milin/2026/AI桌面助手/dist/AI桌面助手.app/Contents/Frameworks/tiktoken/_tiktoken.cpython-310-darwin.so
--validated:/Users/milin/2026/AI桌面助手/dist/AI桌面助手.app/Contents/Frameworks/tiktoken/_tiktoken.cpython-310-darwin.so
--prepared:/Users/milin/2026/AI桌面助手/dist/AI桌面助手.app/Contents/Frameworks/python3__dot__10/lib-dynload/_decimal.cpython-310-darwin.so
--validated:/Users/milin/2026/AI桌面助手/dist/AI桌面助手.app/Contents/Frameworks/python3__dot__10/lib-dynload/_decimal.cpython-310-darwin.so
--prepared:/Users/milin/2026/AI桌面助手/dist/AI桌面助手.app/Contents/Frameworks/python3__dot__10/lib-dynload/_ssl.cpython-310-darwin.so
--validated:/Users/milin/2026/AI桌面助手/dist/AI桌面助手.app/Contents/Frameworks/python3__dot__10/lib-dynload/_ssl.cpython-310-darwin.so
--prepared:/Users/milin/2026/AI桌面助手/dist/AI桌面助手.app/Contents/Frameworks/PyQt5/Qt5/lib/QtQml.framework/Versions/Current/.
--prepared:/Users/milin/2026/AI桌面助手/dist/AI桌面助手.app/Contents/Frameworks/python3__dot__10/lib-dynload/_csv.cpython-310-darwin.so
--validated:/Users/milin/2026/AI桌面助手/dist/AI桌面助手.app/Contents/Frameworks/python3__dot__10/lib-dynload/_csv.cpython-310-darwin.so
--validated:/Users/milin/2026/AI桌面助手/dist/AI桌面助手.app/Contents/Frameworks/PyQt5/Qt5/lib/QtQml.framework/Versions/Current/.
--prepared:/Users/milin/2026/AI桌面助手/dist/AI桌面助手.app/Contents/Frameworks/python3__dot__10/lib-dynload/termios.cpython-310-darwin.so
--validated:/Users/milin/2026/AI桌面助手/dist/AI桌面助手.app/Contents/Frameworks/python3__dot__10/lib-dynload/termios.cpython-310-darwin.so
--prepared:/Users/milin/2026/AI桌面助手/dist/AI桌面助手.app/Contents/Frameworks/python3__dot__10/lib-dynload/zlib.cpython-310-darwin.so
--prepared:/Users/milin/2026/AI桌面助手/dist/AI桌面助手.app/Contents/Frameworks/python3__dot__10/lib-dynload/_bisect.cpython-310-darwin.so
--validated:/Users/milin/2026/AI桌面助手/dist/AI桌面助手.app/Contents/Frameworks/python3__dot__10/lib-dynload/zlib.cpython-310-darwin.so
--validated:/Users/milin/2026/AI桌面助手/dist/AI桌面助手.app/Contents/Frameworks/python3__dot__10/lib-dynload/_bisect.cpython-310-darwin.so
--prepared:/Users/milin/2026/AI桌面助手/dist/AI桌面助手.app/Contents/Frameworks/python3__dot__10/lib-dynload/_sha256.cpython-310-darwin.so
--validated:/Users/milin/2026/AI桌面助手/dist/AI桌面助手.app/Contents/Frameworks/python3__dot__10/lib-dynload/_sha256.cpython-310-darwin.so
--prepared:/Users/milin/2026/AI桌面助手/dist/AI桌面助手.app/Contents/Frameworks/python3__dot__10/lib-dynload/_statistics.cpython-310-darwin.so
--validated:/Users/milin/2026/AI桌面助手/dist/AI桌面助手.app/Contents/Frameworks/python3__dot__10/lib-dynload/_statistics.cpython-310-darwin.so
--prepared:/Users/milin/2026/AI桌面助手/dist/AI桌面助手.app/Contents/Frameworks/python3__dot__10/lib-dynload/_multibytecodec.cpython-310-darwin.so
--prepared:/Users/milin/2026/AI桌面助手/dist/AI桌面助手.app/Contents/Frameworks/python3__dot__10/lib-dynload/_codecs_cn.cpython-310-darwin.so
--validated:/Users/milin/2026/AI桌面助手/dist/AI桌面助手.app/Contents/Frameworks/python3__dot__10/lib-dynload/_multibytecodec.cpython-310-darwin.so
--validated:/Users/milin/2026/AI桌面助手/dist/AI桌面助手.app/Contents/Frameworks/python3__dot__10/lib-dynload/_codecs_cn.cpython-310-darwin.so
--prepared:/Users/milin/2026/AI桌面助手/dist/AI桌面助手.app/Contents/Frameworks/python3__dot__10/lib-dynload/_posixsubprocess.cpython-310-darwin.so
--prepared:/Users/milin/2026/AI桌面助手/dist/AI桌面助手.app/Contents/Frameworks/python3__dot__10/lib-dynload/_sha512.cpython-310-darwin.so
--validated:/Users/milin/2026/AI桌面助手/dist/AI桌面助手.app/Contents/Frameworks/python3__dot__10/lib-dynload/_posixsubprocess.cpython-310-darwin.so
--validated:/Users/milin/2026/AI桌面助手/dist/AI桌面助手.app/Contents/Frameworks/python3__dot__10/lib-dynload/_sha512.cpython-310-darwin.so
--prepared:/Users/milin/2026/AI桌面助手/dist/AI桌面助手.app/Contents/Frameworks/python3__dot__10/lib-dynload/_asyncio.cpython-310-darwin.so
--validated:/Users/milin/2026/AI桌面助手/dist/AI桌面助手.app/Contents/Frameworks/python3__dot__10/lib-dynload/_asyncio.cpython-310-darwin.so
--prepared:/Users/milin/2026/AI桌面助手/dist/AI桌面助手.app/Contents/Frameworks/PyQt5/Qt5/lib/QtQuick.framework/Versions/Current/.
--validated:/Users/milin/2026/AI桌面助手/dist/AI桌面助手.app/Contents/Frameworks/PyQt5/Qt5/lib/QtQuick.framework/Versions/Current/.
--prepared:/Users/milin/2026/AI桌面助手/dist/AI桌面助手.app/Contents/Frameworks/python3__dot__10/lib-dynload/syslog.cpython-310-darwin.so
--prepared:/Users/milin/2026/AI桌面助手/dist/AI桌面助手.app/Contents/Frameworks/python3__dot__10/lib-dynload/select.cpython-310-darwin.so
--validated:/Users/milin/2026/AI桌面助手/dist/AI桌面助手.app/Contents/Frameworks/python3__dot__10/lib-dynload/syslog.cpython-310-darwin.so
--validated:/Users/milin/2026/AI桌面助手/dist/AI桌面助手.app/Contents/Frameworks/python3__dot__10/lib-dynload/select.cpython-310-darwin.so
--prepared:/Users/milin/2026/AI桌面助手/dist/AI桌面助手.app/Contents/Frameworks/python3__dot__10/lib-dynload/readline.cpython-310-darwin.so
--validated:/Users/milin/2026/AI桌面助手/dist/AI桌面助手.app/Contents/Frameworks/python3__dot__10/lib-dynload/readline.cpython-310-darwin.so
--prepared:/Users/milin/2026/AI桌面助手/dist/AI桌面助手.app/Contents/Frameworks/srsly/ujson/ujson.cpython-310-darwin.so
--validated:/Users/milin/2026/AI桌面助手/dist/AI桌面助手.app/Contents/Frameworks/srsly/ujson/ujson.cpython-310-darwin.so
--prepared:/Users/milin/2026/AI桌面助手/dist/AI桌面助手.app/Contents/Frameworks/python3__dot__10/lib-dynload/pyexpat.cpython-310-darwin.so
--prepared:/Users/milin/2026/AI桌面助手/dist/AI桌面助手.app/Contents/Frameworks/python3__dot__10/lib-dynload/_pickle.cpython-310-darwin.so
--validated:/Users/milin/2026/AI桌面助手/dist/AI桌面助手.app/Contents/Frameworks/python3__dot__10/lib-dynload/pyexpat.cpython-310-darwin.so
--validated:/Users/milin/2026/AI桌面助手/dist/AI桌面助手.app/Contents/Frameworks/python3__dot__10/lib-dynload/_pickle.cpython-310-darwin.so
--prepared:/Users/milin/2026/AI桌面助手/dist/AI桌面助手.app/Contents/Frameworks/srsly/msgpack/_unpacker.cpython-310-darwin.so
--validated:/Users/milin/2026/AI桌面助手/dist/AI桌面助手.app/Contents/Frameworks/srsly/msgpack/_unpacker.cpython-310-darwin.so
--prepared:/Users/milin/2026/AI桌面助手/dist/AI桌面助手.app/Contents/Frameworks/srsly/msgpack/_epoch.cpython-310-darwin.so
--validated:/Users/milin/2026/AI桌面助手/dist/AI桌面助手.app/Contents/Frameworks/srsly/msgpack/_epoch.cpython-310-darwin.so
--prepared:/Users/milin/2026/AI桌面助手/dist/AI桌面助手.app/Contents/Frameworks/srsly/msgpack/_packer.cpython-310-darwin.so
--validated:/Users/milin/2026/AI桌面助手/dist/AI桌面助手.app/Contents/Frameworks/srsly/msgpack/_packer.cpython-310-darwin.so
--prepared:/Users/milin/2026/AI桌面助手/dist/AI桌面助手.app/Contents/Frameworks/python3__dot__10/lib-dynload/unicodedata.cpython-310-darwin.so
--validated:/Users/milin/2026/AI桌面助手/dist/AI桌面助手.app/Contents/Frameworks/python3__dot__10/lib-dynload/unicodedata.cpython-310-darwin.so
--prepared:/Users/milin/2026/AI桌面助手/dist/AI桌面助手.app/Contents/Frameworks/PyQt5/Qt5/lib/QtWidgets.framework/Versions/Current/.
--prepared:/Users/milin/2026/AI桌面助手/dist/AI桌面助手.app/Contents/Frameworks/PyQt5/Qt5/lib/QtCore.framework/Versions/Current/.
--validated:/Users/milin/2026/AI桌面助手/dist/AI桌面助手.app/Contents/Frameworks/PyQt5/Qt5/lib/QtWidgets.framework/Versions/Current/.
--validated:/Users/milin/2026/AI桌面助手/dist/AI桌面助手.app/Contents/Frameworks/PyQt5/Qt5/lib/QtCore.framework/Versions/Current/.
--prepared:/Users/milin/2026/AI桌面助手/dist/AI桌面助手.app/Contents/Frameworks/safetensors/_safetensors_rust.abi3.so
--validated:/Users/milin/2026/AI桌面助手/dist/AI桌面助手.app/Contents/Frameworks/safetensors/_safetensors_rust.abi3.so
--prepared:/Users/milin/2026/AI桌面助手/dist/AI桌面助手.app/Contents/Frameworks/AppKit/_inlines.cpython-310-darwin.so
--validated:/Users/milin/2026/AI桌面助手/dist/AI桌面助手.app/Contents/Frameworks/AppKit/_inlines.cpython-310-darwin.so
--prepared:/Users/milin/2026/AI桌面助手/dist/AI桌面助手.app/Contents/Frameworks/AppKit/_AppKit.cpython-310-darwin.so
--validated:/Users/milin/2026/AI桌面助手/dist/AI桌面助手.app/Contents/Frameworks/AppKit/_AppKit.cpython-310-darwin.so
--prepared:/Users/milin/2026/AI桌面助手/dist/AI桌面助手.app/Contents/Frameworks/yaml/_yaml.cpython-310-darwin.so
--prepared:/Users/milin/2026/AI桌面助手/dist/AI桌面助手.app/Contents/Frameworks/libreadline.8.dylib
--validated:/Users/milin/2026/AI桌面助手/dist/AI桌面助手.app/Contents/Frameworks/yaml/_yaml.cpython-310-darwin.so
--validated:/Users/milin/2026/AI桌面助手/dist/AI桌面助手.app/Contents/Frameworks/libreadline.8.dylib
--prepared:/Users/milin/2026/AI桌面助手/dist/AI桌面助手.app/Contents/Frameworks/Quartz/QuickLookUI/_QuickLookUI.cpython-310-darwin.so
--validated:/Users/milin/2026/AI桌面助手/dist/AI桌面助手.app/Contents/Frameworks/Quartz/QuickLookUI/_QuickLookUI.cpython-310-darwin.so
--prepared:/Users/milin/2026/AI桌面助手/dist/AI桌面助手.app/Contents/Frameworks/Quartz/CoreGraphics/_inlines.cpython-310-darwin.so
--prepared:/Users/milin/2026/AI桌面助手/dist/AI桌面助手.app/Contents/Frameworks/Quartz/CoreGraphics/_callbacks.cpython-310-darwin.so
--prepared:/Users/milin/2026/AI桌面助手/dist/AI桌面助手.app/Contents/Frameworks/Quartz/CoreGraphics/_sortandmap.cpython-310-darwin.so
--validated:/Users/milin/2026/AI桌面助手/dist/AI桌面助手.app/Contents/Frameworks/Quartz/CoreGraphics/_inlines.cpython-310-darwin.so
--validated:/Users/milin/2026/AI桌面助手/dist/AI桌面助手.app/Contents/Frameworks/Quartz/CoreGraphics/_callbacks.cpython-310-darwin.so
--validated:/Users/milin/2026/AI桌面助手/dist/AI桌面助手.app/Contents/Frameworks/Quartz/CoreGraphics/_sortandmap.cpython-310-darwin.so
--prepared:/Users/milin/2026/AI桌面助手/dist/AI桌面助手.app/Contents/Frameworks/Quartz/CoreGraphics/_coregraphics.cpython-310-darwin.so
--validated:/Users/milin/2026/AI桌面助手/dist/AI桌面助手.app/Contents/Frameworks/Quartz/CoreGraphics/_coregraphics.cpython-310-darwin.so
--prepared:/Users/milin/2026/AI桌面助手/dist/AI桌面助手.app/Contents/Frameworks/Quartz/PDFKit/_PDFKit.cpython-310-darwin.so
--validated:/Users/milin/2026/AI桌面助手/dist/AI桌面助手.app/Contents/Frameworks/Quartz/PDFKit/_PDFKit.cpython-310-darwin.so
--prepared:/Users/milin/2026/AI桌面助手/dist/AI桌面助手.app/Contents/Frameworks/Quartz/CoreGraphics/_doubleindirect.cpython-310-darwin.so
--validated:/Users/milin/2026/AI桌面助手/dist/AI桌面助手.app/Contents/Frameworks/Quartz/CoreGraphics/_doubleindirect.cpython-310-darwin.so
--prepared:/Users/milin/2026/AI桌面助手/dist/AI桌面助手.app/Contents/Frameworks/Quartz/CoreVideo/_CVPixelBuffer.cpython-310-darwin.so
--validated:/Users/milin/2026/AI桌面助手/dist/AI桌面助手.app/Contents/Frameworks/Quartz/CoreVideo/_CVPixelBuffer.cpython-310-darwin.so
--prepared:/Users/milin/2026/AI桌面助手/dist/AI桌面助手.app/Contents/Frameworks/Quartz/ImageKit/_imagekit.cpython-310-darwin.so
--validated:/Users/milin/2026/AI桌面助手/dist/AI桌面助手.app/Contents/Frameworks/Quartz/ImageKit/_imagekit.cpython-310-darwin.so
--prepared:/Users/milin/2026/AI桌面助手/dist/AI桌面助手.app/Contents/Frameworks/Quartz/QuartzCore/_quartzcore.cpython-310-darwin.so
--validated:/Users/milin/2026/AI桌面助手/dist/AI桌面助手.app/Contents/Frameworks/Quartz/QuartzCore/_quartzcore.cpython-310-darwin.so
--prepared:/Users/milin/2026/AI桌面助手/dist/AI桌面助手.app/Contents/Frameworks/uvloop/loop.cpython-310-darwin.so
--validated:/Users/milin/2026/AI桌面助手/dist/AI桌面助手.app/Contents/Frameworks/uvloop/loop.cpython-310-darwin.so
--prepared:/Users/milin/2026/AI桌面助手/dist/AI桌面助手.app/Contents/Frameworks/spacy/pipeline/tagger.cpython-310-darwin.so
--validated:/Users/milin/2026/AI桌面助手/dist/AI桌面助手.app/Contents/Frameworks/spacy/pipeline/tagger.cpython-310-darwin.so
--prepared:/Users/milin/2026/AI桌面助手/dist/AI桌面助手.app/Contents/Frameworks/spacy/vectors.cpython-310-darwin.so
--validated:/Users/milin/2026/AI桌面助手/dist/AI桌面助手.app/Contents/Frameworks/spacy/vectors.cpython-310-darwin.so
--prepared:/Users/milin/2026/AI桌面助手/dist/AI桌面助手.app/Contents/Frameworks/spacy/pipeline/sentencizer.cpython-310-darwin.so
--validated:/Users/milin/2026/AI桌面助手/dist/AI桌面助手.app/Contents/Frameworks/spacy/pipeline/sentencizer.cpython-310-darwin.so
--prepared:/Users/milin/2026/AI桌面助手/dist/AI桌面助手.app/Contents/Frameworks/spacy/pipeline/morphologizer.cpython-310-darwin.so
--prepared:/Users/milin/2026/AI桌面助手/dist/AI桌面助手.app/Contents/Frameworks/spacy/pipeline/dep_parser.cpython-310-darwin.so
--validated:/Users/milin/2026/AI桌面助手/dist/AI桌面助手.app/Contents/Frameworks/spacy/pipeline/morphologizer.cpython-310-darwin.so
--prepared:/Users/milin/2026/AI桌面助手/dist/AI桌面助手.app/Contents/Frameworks/spacy/pipeline/senter.cpython-310-darwin.so
--validated:/Users/milin/2026/AI桌面助手/dist/AI桌面助手.app/Contents/Frameworks/spacy/pipeline/dep_parser.cpython-310-darwin.so
--validated:/Users/milin/2026/AI桌面助手/dist/AI桌面助手.app/Contents/Frameworks/spacy/pipeline/senter.cpython-310-darwin.so
--prepared:/Users/milin/2026/AI桌面助手/dist/AI桌面助手.app/Contents/Frameworks/spacy/pipeline/_parser_internals/transition_system.cpython-310-darwin.so
--validated:/Users/milin/2026/AI桌面助手/dist/AI桌面助手.app/Contents/Frameworks/spacy/pipeline/_parser_internals/transition_system.cpython-310-darwin.so
--prepared:/Users/milin/2026/AI桌面助手/dist/AI桌面助手.app/Contents/Frameworks/spacy/pipeline/_parser_internals/_beam_utils.cpython-310-darwin.so
--validated:/Users/milin/2026/AI桌面助手/dist/AI桌面助手.app/Contents/Frameworks/spacy/pipeline/_parser_internals/_beam_utils.cpython-310-darwin.so
--prepared:/Users/milin/2026/AI桌面助手/dist/AI桌面助手.app/Contents/Frameworks/spacy/pipeline/_parser_internals/arc_eager.cpython-310-darwin.so
--validated:/Users/milin/2026/AI桌面助手/dist/AI桌面助手.app/Contents/Frameworks/spacy/pipeline/_parser_internals/arc_eager.cpython-310-darwin.so
--prepared:/Users/milin/2026/AI桌面助手/dist/AI桌面助手.app/Contents/Frameworks/spacy/pipeline/_parser_internals/_state.cpython-310-darwin.so
--prepared:/Users/milin/2026/AI桌面助手/dist/AI桌面助手.app/Contents/Frameworks/spacy/pipeline/_parser_internals/stateclass.cpython-310-darwin.so
--validated:/Users/milin/2026/AI桌面助手/dist/AI桌面助手.app/Contents/Frameworks/spacy/pipeline/_parser_internals/_state.cpython-310-darwin.so
--validated:/Users/milin/2026/AI桌面助手/dist/AI桌面助手.app/Contents/Frameworks/spacy/pipeline/_parser_internals/stateclass.cpython-310-darwin.so
--prepared:/Users/milin/2026/AI桌面助手/dist/AI桌面助手.app/Contents/Frameworks/spacy/pipeline/_parser_internals/ner.cpython-310-darwin.so
--validated:/Users/milin/2026/AI桌面助手/dist/AI桌面助手.app/Contents/Frameworks/spacy/pipeline/_parser_internals/ner.cpython-310-darwin.so
--prepared:/Users/milin/2026/AI桌面助手/dist/AI桌面助手.app/Contents/Frameworks/spacy/pipeline/_parser_internals/nonproj.cpython-310-darwin.so
--validated:/Users/milin/2026/AI桌面助手/dist/AI桌面助手.app/Contents/Frameworks/spacy/pipeline/_parser_internals/nonproj.cpython-310-darwin.so
--prepared:/Users/milin/2026/AI桌面助手/dist/AI桌面助手.app/Contents/Frameworks/spacy/pipeline/multitask.cpython-310-darwin.so
--validated:/Users/milin/2026/AI桌面助手/dist/AI桌面助手.app/Contents/Frameworks/spacy/pipeline/multitask.cpython-310-darwin.so
--prepared:/Users/milin/2026/AI桌面助手/dist/AI桌面助手.app/Contents/Frameworks/spacy/pipeline/transition_parser.cpython-310-darwin.so
--validated:/Users/milin/2026/AI桌面助手/dist/AI桌面助手.app/Contents/Frameworks/spacy/pipeline/transition_parser.cpython-310-darwin.so
--prepared:/Users/milin/2026/AI桌面助手/dist/AI桌面助手.app/Contents/Frameworks/spacy/pipeline/_edit_tree_internals/edit_trees.cpython-310-darwin.so
--validated:/Users/milin/2026/AI桌面助手/dist/AI桌面助手.app/Contents/Frameworks/spacy/pipeline/_edit_tree_internals/edit_trees.cpython-310-darwin.so
--prepared:/Users/milin/2026/AI桌面助手/dist/AI桌面助手.app/Contents/Frameworks/spacy/strings.cpython-310-darwin.so
--validated:/Users/milin/2026/AI桌面助手/dist/AI桌面助手.app/Contents/Frameworks/spacy/strings.cpython-310-darwin.so
--prepared:/Users/milin/2026/AI桌面助手/dist/AI桌面助手.app/Contents/Frameworks/spacy/pipeline/pipe.cpython-310-darwin.so
--validated:/Users/milin/2026/AI桌面助手/dist/AI桌面助手.app/Contents/Frameworks/spacy/pipeline/pipe.cpython-310-darwin.so
--prepared:/Users/milin/2026/AI桌面助手/dist/AI桌面助手.app/Contents/Frameworks/spacy/pipeline/ner.cpython-310-darwin.so
--prepared:/Users/milin/2026/AI桌面助手/dist/AI桌面助手.app/Contents/Frameworks/spacy/pipeline/trainable_pipe.cpython-310-darwin.so
--validated:/Users/milin/2026/AI桌面助手/dist/AI桌面助手.app/Contents/Frameworks/spacy/pipeline/ner.cpython-310-darwin.so
--validated:/Users/milin/2026/AI桌面助手/dist/AI桌面助手.app/Contents/Frameworks/spacy/pipeline/trainable_pipe.cpython-310-darwin.so
--prepared:/Users/milin/2026/AI桌面助手/dist/AI桌面助手.app/Contents/Frameworks/spacy/kb/candidate.cpython-310-darwin.so
--prepared:/Users/milin/2026/AI桌面助手/dist/AI桌面助手.app/Contents/Frameworks/spacy/kb/kb.cpython-310-darwin.so
--prepared:/Users/milin/2026/AI桌面助手/dist/AI桌面助手.app/Contents/Frameworks/spacy/attrs.cpython-310-darwin.so
--validated:/Users/milin/2026/AI桌面助手/dist/AI桌面助手.app/Contents/Frameworks/spacy/kb/candidate.cpython-310-darwin.so
--validated:/Users/milin/2026/AI桌面助手/dist/AI桌面助手.app/Contents/Frameworks/spacy/attrs.cpython-310-darwin.so
--validated:/Users/milin/2026/AI桌面助手/dist/AI桌面助手.app/Contents/Frameworks/spacy/kb/kb.cpython-310-darwin.so
--prepared:/Users/milin/2026/AI桌面助手/dist/AI桌面助手.app/Contents/Frameworks/spacy/training/alignment_array.cpython-310-darwin.so
--validated:/Users/milin/2026/AI桌面助手/dist/AI桌面助手.app/Contents/Frameworks/spacy/training/alignment_array.cpython-310-darwin.so
--prepared:/Users/milin/2026/AI桌面助手/dist/AI桌面助手.app/Contents/Frameworks/spacy/morphology.cpython-310-darwin.so
--validated:/Users/milin/2026/AI桌面助手/dist/AI桌面助手.app/Contents/Frameworks/spacy/morphology.cpython-310-darwin.so
--prepared:/Users/milin/2026/AI桌面助手/dist/AI桌面助手.app/Contents/Frameworks/spacy/kb/kb_in_memory.cpython-310-darwin.so
--validated:/Users/milin/2026/AI桌面助手/dist/AI桌面助手.app/Contents/Frameworks/spacy/kb/kb_in_memory.cpython-310-darwin.so
--prepared:/Users/milin/2026/AI桌面助手/dist/AI桌面助手.app/Contents/Frameworks/spacy/training/align.cpython-310-darwin.so
--validated:/Users/milin/2026/AI桌面助手/dist/AI桌面助手.app/Contents/Frameworks/spacy/training/align.cpython-310-darwin.so
--prepared:/Users/milin/2026/AI桌面助手/dist/AI桌面助手.app/Contents/Frameworks/spacy/training/gold_io.cpython-310-darwin.so
--validated:/Users/milin/2026/AI桌面助手/dist/AI桌面助手.app/Contents/Frameworks/spacy/training/gold_io.cpython-310-darwin.so
--prepared:/Users/milin/2026/AI桌面助手/dist/AI桌面助手.app/Contents/Frameworks/spacy/tokenizer.cpython-310-darwin.so
--validated:/Users/milin/2026/AI桌面助手/dist/AI桌面助手.app/Contents/Frameworks/spacy/tokenizer.cpython-310-darwin.so
--prepared:/Users/milin/2026/AI桌面助手/dist/AI桌面助手.app/Contents/Frameworks/spacy/training/example.cpython-310-darwin.so
--validated:/Users/milin/2026/AI桌面助手/dist/AI桌面助手.app/Contents/Frameworks/spacy/training/example.cpython-310-darwin.so
--prepared:/Users/milin/2026/AI桌面助手/dist/AI桌面助手.app/Contents/Frameworks/spacy/vocab.cpython-310-darwin.so
--validated:/Users/milin/2026/AI桌面助手/dist/AI桌面助手.app/Contents/Frameworks/spacy/vocab.cpython-310-darwin.so
--prepared:/Users/milin/2026/AI桌面助手/dist/AI桌面助手.app/Contents/Frameworks/spacy/lexeme.cpython-310-darwin.so
--validated:/Users/milin/2026/AI桌面助手/dist/AI桌面助手.app/Contents/Frameworks/spacy/lexeme.cpython-310-darwin.so
--prepared:/Users/milin/2026/AI桌面助手/dist/AI桌面助手.app/Contents/Frameworks/spacy/matcher/phrasematcher.cpython-310-darwin.so
--validated:/Users/milin/2026/AI桌面助手/dist/AI桌面助手.app/Contents/Frameworks/spacy/matcher/phrasematcher.cpython-310-darwin.so
--prepared:/Users/milin/2026/AI桌面助手/dist/AI桌面助手.app/Contents/Frameworks/spacy/matcher/levenshtein.cpython-310-darwin.so
--validated:/Users/milin/2026/AI桌面助手/dist/AI桌面助手.app/Contents/Frameworks/spacy/matcher/levenshtein.cpython-310-darwin.so
--prepared:/Users/milin/2026/AI桌面助手/dist/AI桌面助手.app/Contents/Frameworks/spacy/symbols.cpython-310-darwin.so
--validated:/Users/milin/2026/AI桌面助手/dist/AI桌面助手.app/Contents/Frameworks/spacy/symbols.cpython-310-darwin.so
--prepared:/Users/milin/2026/AI桌面助手/dist/AI桌面助手.app/Contents/Frameworks/spacy/matcher/dependencymatcher.cpython-310-darwin.so
--validated:/Users/milin/2026/AI桌面助手/dist/AI桌面助手.app/Contents/Frameworks/spacy/matcher/dependencymatcher.cpython-310-darwin.so
--prepared:/Users/milin/2026/AI桌面助手/dist/AI桌面助手.app/Contents/Frameworks/spacy/ml/parser_model.cpython-310-darwin.so
--validated:/Users/milin/2026/AI桌面助手/dist/AI桌面助手.app/Contents/Frameworks/spacy/ml/parser_model.cpython-310-darwin.so
--prepared:/Users/milin/2026/AI桌面助手/dist/AI桌面助手.app/Contents/Frameworks/spacy/matcher/matcher.cpython-310-darwin.so
--validated:/Users/milin/2026/AI桌面助手/dist/AI桌面助手.app/Contents/Frameworks/spacy/matcher/matcher.cpython-310-darwin.so
--prepared:/Users/milin/2026/AI桌面助手/dist/AI桌面助手.app/Contents/Frameworks/spacy/tokens/token.cpython-310-darwin.so
--validated:/Users/milin/2026/AI桌面助手/dist/AI桌面助手.app/Contents/Frameworks/spacy/tokens/token.cpython-310-darwin.so
--prepared:/Users/milin/2026/AI桌面助手/dist/AI桌面助手.app/Contents/Frameworks/spacy/tokens/span_group.cpython-310-darwin.so
--validated:/Users/milin/2026/AI桌面助手/dist/AI桌面助手.app/Contents/Frameworks/spacy/tokens/span_group.cpython-310-darwin.so
--prepared:/Users/milin/2026/AI桌面助手/dist/AI桌面助手.app/Contents/Frameworks/spacy/tokens/_retokenize.cpython-310-darwin.so
--validated:/Users/milin/2026/AI桌面助手/dist/AI桌面助手.app/Contents/Frameworks/spacy/tokens/_retokenize.cpython-310-darwin.so
--prepared:/Users/milin/2026/AI桌面助手/dist/AI桌面助手.app/Contents/Frameworks/spacy/tokens/span.cpython-310-darwin.so
--validated:/Users/milin/2026/AI桌面助手/dist/AI桌面助手.app/Contents/Frameworks/spacy/tokens/span.cpython-310-darwin.so
--prepared:/Users/milin/2026/AI桌面助手/dist/AI桌面助手.app/Contents/Frameworks/objc/_machsignals.cpython-310-darwin.so
--prepared:/Users/milin/2026/AI桌面助手/dist/AI桌面助手.app/Contents/Frameworks/spacy/parts_of_speech.cpython-310-darwin.so
--validated:/Users/milin/2026/AI桌面助手/dist/AI桌面助手.app/Contents/Frameworks/objc/_machsignals.cpython-310-darwin.so
--validated:/Users/milin/2026/AI桌面助手/dist/AI桌面助手.app/Contents/Frameworks/spacy/parts_of_speech.cpython-310-darwin.so
--prepared:/Users/milin/2026/AI桌面助手/dist/AI桌面助手.app/Contents/Frameworks/spacy/tokens/graph.cpython-310-darwin.so
--validated:/Users/milin/2026/AI桌面助手/dist/AI桌面助手.app/Contents/Frameworks/spacy/tokens/graph.cpython-310-darwin.so
--prepared:/Users/milin/2026/AI桌面助手/dist/AI桌面助手.app/Contents/Frameworks/libz.1.dylib
--validated:/Users/milin/2026/AI桌面助手/dist/AI桌面助手.app/Contents/Frameworks/libz.1.dylib
--prepared:/Users/milin/2026/AI桌面助手/dist/AI桌面助手.app/Contents/Frameworks/spacy/tokens/morphanalysis.cpython-310-darwin.so
--validated:/Users/milin/2026/AI桌面助手/dist/AI桌面助手.app/Contents/Frameworks/spacy/tokens/morphanalysis.cpython-310-darwin.so
--prepared:/Users/milin/2026/AI桌面助手/dist/AI桌面助手.app/Contents/Frameworks/lxml/sax.cpython-310-darwin.so
--validated:/Users/milin/2026/AI桌面助手/dist/AI桌面助手.app/Contents/Frameworks/lxml/sax.cpython-310-darwin.so
--prepared:/Users/milin/2026/AI桌面助手/dist/AI桌面助手.app/Contents/Frameworks/lxml/html/diff.cpython-310-darwin.so
--validated:/Users/milin/2026/AI桌面助手/dist/AI桌面助手.app/Contents/Frameworks/lxml/html/diff.cpython-310-darwin.so
--prepared:/Users/milin/2026/AI桌面助手/dist/AI桌面助手.app/Contents/Frameworks/yarl/_quoting_c.cpython-310-darwin.so
--prepared:/Users/milin/2026/AI桌面助手/dist/AI桌面助手.app/Contents/Frameworks/lxml/builder.cpython-310-darwin.so
--validated:/Users/milin/2026/AI桌面助手/dist/AI桌面助手.app/Contents/Frameworks/yarl/_quoting_c.cpython-310-darwin.so
--validated:/Users/milin/2026/AI桌面助手/dist/AI桌面助手.app/Contents/Frameworks/lxml/builder.cpython-310-darwin.so
--prepared:/Users/milin/2026/AI桌面助手/dist/AI桌面助手.app/Contents/Frameworks/lxml/html/_difflib.cpython-310-darwin.so
--prepared:/Users/milin/2026/AI桌面助手/dist/AI桌面助手.app/Contents/Frameworks/lxml/_elementpath.cpython-310-darwin.so
--validated:/Users/milin/2026/AI桌面助手/dist/AI桌面助手.app/Contents/Frameworks/lxml/html/_difflib.cpython-310-darwin.so
--validated:/Users/milin/2026/AI桌面助手/dist/AI桌面助手.app/Contents/Frameworks/lxml/_elementpath.cpython-310-darwin.so
--prepared:/Users/milin/2026/AI桌面助手/dist/AI桌面助手.app/Contents/Frameworks/CoreFoundation/_inlines.cpython-310-darwin.so
--validated:/Users/milin/2026/AI桌面助手/dist/AI桌面助手.app/Contents/Frameworks/CoreFoundation/_inlines.cpython-310-darwin.so
--prepared:/Users/milin/2026/AI桌面助手/dist/AI桌面助手.app/Contents/Frameworks/CoreFoundation/_CoreFoundation.cpython-310-darwin.so
--prepared:/Users/milin/2026/AI桌面助手/dist/AI桌面助手.app/Contents/Frameworks/spacy/tokens/doc.cpython-310-darwin.so
--validated:/Users/milin/2026/AI桌面助手/dist/AI桌面助手.app/Contents/Frameworks/CoreFoundation/_CoreFoundation.cpython-310-darwin.so
--validated:/Users/milin/2026/AI桌面助手/dist/AI桌面助手.app/Contents/Frameworks/spacy/tokens/doc.cpython-310-darwin.so
--prepared:/Users/milin/2026/AI桌面助手/dist/AI桌面助手.app/Contents/Frameworks/objc/_objc.cpython-310-darwin.so
--validated:/Users/milin/2026/AI桌面助手/dist/AI桌面助手.app/Contents/Frameworks/objc/_objc.cpython-310-darwin.so
--prepared:/Users/milin/2026/AI桌面助手/dist/AI桌面助手.app/Contents/Frameworks/_ruamel_yaml.cpython-310-darwin.so
--validated:/Users/milin/2026/AI桌面助手/dist/AI桌面助手.app/Contents/Frameworks/_ruamel_yaml.cpython-310-darwin.so
--prepared:/Users/milin/2026/AI桌面助手/dist/AI桌面助手.app/Contents/Frameworks/watchfiles/_rust_notify.cpython-310-darwin.so
--validated:/Users/milin/2026/AI桌面助手/dist/AI桌面助手.app/Contents/Frameworks/watchfiles/_rust_notify.cpython-310-darwin.so
--prepared:/Users/milin/2026/AI桌面助手/dist/AI桌面助手.app/Contents/Helpers/AIDESearchCredentials
--validated:/Users/milin/2026/AI桌面助手/dist/AI桌面助手.app/Contents/Helpers/AIDESearchCredentials
--prepared:/Users/milin/2026/AI桌面助手/dist/AI桌面助手.app/Contents/Frameworks/blis/cy.cpython-310-darwin.so
--validated:/Users/milin/2026/AI桌面助手/dist/AI桌面助手.app/Contents/Frameworks/blis/cy.cpython-310-darwin.so
--prepared:/Users/milin/2026/AI桌面助手/dist/AI桌面助手.app/Contents/Frameworks/blis/py.cpython-310-darwin.so
--validated:/Users/milin/2026/AI桌面助手/dist/AI桌面助手.app/Contents/Frameworks/blis/py.cpython-310-darwin.so
--prepared:/Users/milin/2026/AI桌面助手/dist/AI桌面助手.app/Contents/Frameworks/lxml/objectify.cpython-310-darwin.so
--validated:/Users/milin/2026/AI桌面助手/dist/AI桌面助手.app/Contents/Frameworks/lxml/objectify.cpython-310-darwin.so
--prepared:/Users/milin/2026/AI桌面助手/dist/AI桌面助手.app/Contents/Frameworks/lxml/etree.cpython-310-darwin.so
--validated:/Users/milin/2026/AI桌面助手/dist/AI桌面助手.app/Contents/Frameworks/lxml/etree.cpython-310-darwin.so
--prepared:/Users/milin/2026/AI桌面助手/dist/AI桌面助手.app/Contents/Frameworks/pydantic_core/_pydantic_core.cpython-310-darwin.so
--validated:/Users/milin/2026/AI桌面助手/dist/AI桌面助手.app/Contents/Frameworks/pydantic_core/_pydantic_core.cpython-310-darwin.so
--prepared:/Users/milin/2026/AI桌面助手/dist/AI桌面助手.app/Contents/Frameworks/torch/lib/libtorch_cpu.dylib
--validated:/Users/milin/2026/AI桌面助手/dist/AI桌面助手.app/Contents/Frameworks/torch/lib/libtorch_cpu.dylib
dist/AI桌面助手.app: valid on disk
dist/AI桌面助手.app: satisfies its Designated Requirement
Executable=/Users/milin/2026/AI桌面助手/dist/AI桌面助手.app/Contents/MacOS/AI桌面助手
Identifier=com.milin.ai-desktop-assistant
Format=app bundle with Mach-O thin (arm64)
CodeDirectory v=20500 size=103327 flags=0x10000(runtime) hashes=3218+7 location=embedded
VersionPlatform=1
VersionMin=720896
VersionSDK=984320
Hash type=sha256 size=32
CandidateCDHash sha256=1408578c1fee24056bedfdaa614e852e14ad6fde
CandidateCDHashFull sha256=1408578c1fee24056bedfdaa614e852e14ad6fdeeee2e411dae20f77a5e02adc
Hash choices=sha256
CMSDigest=1408578c1fee24056bedfdaa614e852e14ad6fdeeee2e411dae20f77a5e02adc
CMSDigestType=2
Executable Segment base=0
Executable Segment limit=49152
Executable Segment flags=0x1
Page size=16384
CDHash=1408578c1fee24056bedfdaa614e852e14ad6fde
Signature size=1794
Authority=AI Desktop Assistant
Signed Time=Oct 9, 2026 at 15:07:28
Info.plist entries=13
TeamIdentifier=not set
Runtime Version=15.5.0
Sealed Resources version=2 rules=13 files=8164
Internal requirements count=1 size=108
